// Jest Snapshot v1, https://goo.gl/fbAQLP

exports[`renders correctly 1`] = `
<div
  className="movieSearchContainer"
>
  <div>
    <div
      className="searchBar"
    >
      <div
        className="MuiFormControl-root MuiTextField-root searchInput css-1u3bzj6-MuiFormControl-root-MuiTextField-root"
        onKeyDown={[Function]}
      >
        <label
          className="MuiFormLabel-root MuiInputLabel-root MuiInputLabel-formControl MuiInputLabel-animated MuiInputLabel-filled MuiFormLabel-colorPrimary MuiInputLabel-root MuiInputLabel-formControl MuiInputLabel-animated MuiInputLabel-filled css-e4w4as-MuiFormLabel-root-MuiInputLabel-root"
          data-shrink={false}
          htmlFor=":r0:"
          id=":r0:-label"
        >
          Title of movie
        </label>
        <div
          className="MuiInputBase-root MuiFilledInput-root MuiFilledInput-underline MuiInputBase-colorPrimary MuiInputBase-formControl css-19mk8g1-MuiInputBase-root-MuiFilledInput-root"
          onClick={[Function]}
        >
          <input
            aria-invalid={false}
            autoFocus={false}
            className="MuiInputBase-input MuiFilledInput-input css-10botns-MuiInputBase-input-MuiFilledInput-input"
            disabled={false}
            id=":r0:"
            onAnimationStart={[Function]}
            onBlur={[Function]}
            onChange={[Function]}
            onFocus={[Function]}
            placeholder="Enter the title of your movie ..."
            required={false}
            type="text"
            value=""
          />
        </div>
      </div>
      <button
        className="MuiButtonBase-root MuiIconButton-root MuiIconButton-sizeMedium searchButton css-78trlr-MuiButtonBase-root-MuiIconButton-root"
        disabled={false}
        onBlur={[Function]}
        onClick={[Function]}
        onContextMenu={[Function]}
        onDragLeave={[Function]}
        onFocus={[Function]}
        onKeyDown={[Function]}
        onKeyUp={[Function]}
        onMouseDown={[Function]}
        onMouseLeave={[Function]}
        onMouseUp={[Function]}
        onTouchEnd={[Function]}
        onTouchMove={[Function]}
        onTouchStart={[Function]}
        tabIndex={0}
        type="button"
      >
        <svg
          aria-hidden={true}
          className="MuiSvgIcon-root MuiSvgIcon-fontSizeMedium css-i4bv87-MuiSvgIcon-root"
          data-testid="SearchIcon"
          focusable="false"
          viewBox="0 0 24 24"
        >
          <path
            d="M15.5 14h-.79l-.28-.27C15.41 12.59 16 11.11 16 9.5 16 5.91 13.09 3 9.5 3S3 5.91 3 9.5 5.91 16 9.5 16c1.61 0 3.09-.59 4.23-1.57l.27.28v.79l5 4.99L20.49 19l-4.99-5zm-6 0C7.01 14 5 11.99 5 9.5S7.01 5 9.5 5 14 7.01 14 9.5 11.99 14 9.5 14z"
          />
        </svg>
        Search
      </button>
    </div>
    <div
      className="filterAndSortContainer"
    >
      <div
        className="filterContainer"
      >
        <div
          className="MuiFormControl-root MuiFormControl-fullWidth filterOptions css-q8hpuo-MuiFormControl-root"
        >
          <label
            className="MuiFormLabel-root MuiInputLabel-root MuiInputLabel-formControl MuiInputLabel-animated MuiInputLabel-filled MuiFormLabel-colorPrimary MuiInputLabel-root MuiInputLabel-formControl MuiInputLabel-animated MuiInputLabel-filled css-e4w4as-MuiFormLabel-root-MuiInputLabel-root"
            data-shrink={false}
          >
            Genre
          </label>
          <div
            className="MuiInputBase-root MuiFilledInput-root MuiFilledInput-underline MuiInputBase-colorPrimary MuiInputBase-formControl  css-67qocj-MuiInputBase-root-MuiFilledInput-root-MuiSelect-root"
            onClick={[Function]}
          >
            <div
              aria-expanded="false"
              aria-haspopup="listbox"
              className="MuiSelect-select MuiSelect-filled MuiInputBase-input MuiFilledInput-input css-d9oaum-MuiSelect-select-MuiInputBase-input-MuiFilledInput-input"
              onBlur={[Function]}
              onFocus={[Function]}
              onKeyDown={[Function]}
              onMouseDown={[Function]}
              role="button"
              tabIndex={0}
            >
              <span
                className="notranslate"
              >
                â€‹
              </span>
            </div>
            <input
              aria-hidden={true}
              className="MuiSelect-nativeInput css-yf8vq0-MuiSelect-nativeInput"
              disabled={false}
              onAnimationStart={[Function]}
              onChange={[Function]}
              required={false}
              tabIndex={-1}
              value=""
            />
            <svg
              aria-hidden={true}
              className="MuiSvgIcon-root MuiSvgIcon-fontSizeMedium MuiSelect-icon MuiSelect-iconFilled css-hfutr2-MuiSvgIcon-root-MuiSelect-icon"
              data-testid="ArrowDropDownIcon"
              focusable="false"
              viewBox="0 0 24 24"
            >
              <path
                d="M7 10l5 5 5-5z"
              />
            </svg>
          </div>
        </div>
      </div>
      <div
        className="sortingContainer"
      >
        <div
          className="MuiFormControl-root MuiFormControl-fullWidth sortingOptions css-q8hpuo-MuiFormControl-root"
        >
          <label
            className="MuiFormLabel-root MuiInputLabel-root MuiInputLabel-formControl MuiInputLabel-animated MuiInputLabel-shrink MuiInputLabel-filled MuiFormLabel-colorPrimary MuiFormLabel-filled MuiInputLabel-root MuiInputLabel-formControl MuiInputLabel-animated MuiInputLabel-shrink MuiInputLabel-filled css-o943dk-MuiFormLabel-root-MuiInputLabel-root"
            data-shrink={true}
          >
            Show first
          </label>
          <div
            className="MuiInputBase-root MuiFilledInput-root MuiFilledInput-underline MuiInputBase-colorPrimary MuiInputBase-formControl  css-67qocj-MuiInputBase-root-MuiFilledInput-root-MuiSelect-root"
            onClick={[Function]}
          >
            <div
              aria-expanded="false"
              aria-haspopup="listbox"
              className="MuiSelect-select MuiSelect-filled MuiInputBase-input MuiFilledInput-input css-d9oaum-MuiSelect-select-MuiInputBase-input-MuiFilledInput-input"
              onBlur={[Function]}
              onFocus={[Function]}
              onKeyDown={[Function]}
              onMouseDown={[Function]}
              role="button"
              tabIndex={0}
            >
              Highest IMDB Rating
            </div>
            <input
              aria-hidden={true}
              className="MuiSelect-nativeInput css-yf8vq0-MuiSelect-nativeInput"
              disabled={false}
              onAnimationStart={[Function]}
              onChange={[Function]}
              required={false}
              tabIndex={-1}
              value="DESC"
            />
            <svg
              aria-hidden={true}
              className="MuiSvgIcon-root MuiSvgIcon-fontSizeMedium MuiSelect-icon MuiSelect-iconFilled css-hfutr2-MuiSvgIcon-root-MuiSelect-icon"
              data-testid="ArrowDropDownIcon"
              focusable="false"
              viewBox="0 0 24 24"
            >
              <path
                d="M7 10l5 5 5-5z"
              />
            </svg>
          </div>
        </div>
        <div
          className="tooltip"
        >
          <svg
            aria-hidden={true}
            className="MuiSvgIcon-root MuiSvgIcon-fontSizeMedium css-i4bv87-MuiSvgIcon-root"
            data-testid="InfoIcon"
            focusable="false"
            style={
              {
                "color": "white",
              }
            }
            viewBox="0 0 24 24"
          >
            <path
              d="M12 2C6.48 2 2 6.48 2 12s4.48 10 10 10 10-4.48 10-10S17.52 2 12 2zm1 15h-2v-6h2v6zm0-8h-2V7h2v2z"
            />
          </svg>
          <span
            className="tooltiptext"
          >
            Is always sorted by relevance first
          </span>
        </div>
      </div>
    </div>
    <div
      className="MuiBox-root css-1l4w6pd"
    >
      <button
        className="MuiButtonBase-root MuiIconButton-root MuiIconButton-colorPrimary MuiIconButton-sizeMedium showSearchesButton css-1kuq5xv-MuiButtonBase-root-MuiIconButton-root"
        disabled={false}
        onBlur={[Function]}
        onClick={[Function]}
        onContextMenu={[Function]}
        onDragLeave={[Function]}
        onFocus={[Function]}
        onKeyDown={[Function]}
        onKeyUp={[Function]}
        onMouseDown={[Function]}
        onMouseLeave={[Function]}
        onMouseUp={[Function]}
        onTouchEnd={[Function]}
        onTouchMove={[Function]}
        onTouchStart={[Function]}
        tabIndex={0}
        type="button"
      >
        <svg
          aria-hidden={true}
          className="MuiSvgIcon-root MuiSvgIcon-fontSizeMedium css-i4bv87-MuiSvgIcon-root"
          data-testid="HistoryIcon"
          focusable="false"
          viewBox="0 0 24 24"
        >
          <path
            d="M13 3c-4.97 0-9 4.03-9 9H1l3.89 3.89.07.14L9 12H6c0-3.87 3.13-7 7-7s7 3.13 7 7-3.13 7-7 7c-1.93 0-3.68-.79-4.94-2.06l-1.42 1.42C8.27 19.99 10.51 21 13 21c4.97 0 9-4.03 9-9s-4.03-9-9-9zm-1 5v5l4.28 2.54.72-1.21-3.5-2.08V8H12z"
          />
        </svg>
        Show search log
      </button>
    </div>
    <p>
      Loading data ...
    </p>
  </div>
</div>
`;
